stm32746g_discovery_lcd.c:1582:13:LL_FillBuffer	40	static
stm32746g_discovery_lcd.c:249:10:BSP_LCD_GetXSize	0	static
stm32746g_discovery_lcd.c:258:10:BSP_LCD_GetYSize	0	static
stm32746g_discovery_lcd.c:268:6:BSP_LCD_SetXSize	0	static
stm32746g_discovery_lcd.c:278:6:BSP_LCD_SetYSize	0	static
stm32746g_discovery_lcd.c:289:6:BSP_LCD_LayerDefaultInit	72	static
stm32746g_discovery_lcd.c:323:6:BSP_LCD_LayerRgb565Init	72	static
stm32746g_discovery_lcd.c:356:6:BSP_LCD_SelectLayer	0	static
stm32746g_discovery_lcd.c:370:6:BSP_LCD_SetLayerVisible	0	static
stm32746g_discovery_lcd.c:392:6:BSP_LCD_SetLayerVisible_NoReload	0	static
stm32746g_discovery_lcd.c:412:6:BSP_LCD_SetTransparency	0	static
stm32746g_discovery_lcd.c:424:6:BSP_LCD_SetTransparency_NoReload	0	static
stm32746g_discovery_lcd.c:435:6:BSP_LCD_SetLayerAddress	0	static
stm32746g_discovery_lcd.c:446:6:BSP_LCD_SetLayerAddress_NoReload	0	static
stm32746g_discovery_lcd.c:460:6:BSP_LCD_SetLayerWindow	24	static
stm32746g_discovery_lcd.c:478:6:BSP_LCD_SetLayerWindow_NoReload	24	static
stm32746g_discovery_lcd.c:493:6:BSP_LCD_SetColorKeying	16	static
stm32746g_discovery_lcd.c:506:6:BSP_LCD_SetColorKeying_NoReload	16	static
stm32746g_discovery_lcd.c:518:6:BSP_LCD_ResetColorKeying	0	static
stm32746g_discovery_lcd.c:529:6:BSP_LCD_ResetColorKeying_NoReload	0	static
stm32746g_discovery_lcd.c:542:6:BSP_LCD_Reload	0	static
stm32746g_discovery_lcd.c:552:6:BSP_LCD_SetTextColor	0	static
stm32746g_discovery_lcd.c:561:10:BSP_LCD_GetTextColor	0	static
stm32746g_discovery_lcd.c:571:6:BSP_LCD_SetBackColor	0	static
stm32746g_discovery_lcd.c:580:10:BSP_LCD_GetBackColor	0	static
stm32746g_discovery_lcd.c:590:6:BSP_LCD_SetFont	0	static
stm32746g_discovery_lcd.c:599:8:BSP_LCD_GetFont	0	static
stm32746g_discovery_lcd.c:610:10:BSP_LCD_ReadPixel	8	static
stm32746g_discovery_lcd.c:645:6:BSP_LCD_Clear	16	static
stm32746g_discovery_lcd.c:767:6:BSP_LCD_DrawHLine	24	static
stm32746g_discovery_lcd.c:792:6:BSP_LCD_DrawVLine	32	static
stm32746g_discovery_lcd.c:893:6:BSP_LCD_DrawRect	24	static
stm32746g_discovery_lcd.c:1019:6:BSP_LCD_DrawPixel	12	static
stm32746g_discovery_lcd.c:676:6:BSP_LCD_DisplayChar	56	static
stm32746g_discovery_lcd.c:694:6:BSP_LCD_DisplayStringAt	32	static
stm32746g_discovery_lcd.c:755:6:BSP_LCD_DisplayStringAtLine	4	static
stm32746g_discovery_lcd.c:818:6:BSP_LCD_DrawLine	56	static
stm32746g_discovery_lcd.c:958:6:BSP_LCD_DrawPolygon	16	static
stm32746g_discovery_lcd.c:1504:13:FillTriangle	64	static
stm32746g_discovery_lcd.c:911:6:BSP_LCD_DrawCircle	64	static
stm32746g_discovery_lcd.c:986:6:BSP_LCD_DrawEllipse	56	static
stm32746g_discovery_lcd.c:1039:6:BSP_LCD_DrawBitmap	56	static
stm32746g_discovery_lcd.c:1097:6:BSP_LCD_FillRect	32	static
stm32746g_discovery_lcd.c:656:6:BSP_LCD_ClearStringLine	24	static
stm32746g_discovery_lcd.c:1124:6:BSP_LCD_FillCircle	40	static
stm32746g_discovery_lcd.c:1172:6:BSP_LCD_FillPolygon	64	static
stm32746g_discovery_lcd.c:1240:6:BSP_LCD_FillEllipse	48	static
stm32746g_discovery_lcd.c:1270:6:BSP_LCD_DisplayOn	8	static
stm32746g_discovery_lcd.c:1282:6:BSP_LCD_DisplayOff	8	static
stm32746g_discovery_lcd.c:1296:13:BSP_LCD_MspInit	80	static
stm32746g_discovery_lcd.c:1368:13:BSP_LCD_MspDeInit	8	static
stm32746g_discovery_lcd.c:228:9:BSP_LCD_DeInit	8	static
stm32746g_discovery_lcd.c:1417:13:BSP_LCD_ClockConfig	0	static
stm32746g_discovery_lcd.c:166:9:BSP_LCD_Init	8	static
